Release 13.4 - xst O.87xd (lin64)
Copyright (c) 1995-2011 Xilinx, Inc.  All rights reserved.
--> 
Parameter TMPDIR set to xst/projnav.tmp


Total REAL time to Xst completion: 0.00 secs
Total CPU time to Xst completion: 0.04 secs
 
--> 
Parameter xsthdpdir set to xst


Total REAL time to Xst completion: 0.00 secs
Total CPU time to Xst completion: 0.04 secs
 
--> 
Reading design: BMS.prj

TABLE OF CONTENTS
  1) Synthesis Options Summary
  2) HDL Compilation
  3) Design Hierarchy Analysis
  4) HDL Analysis
  5) HDL Synthesis
     5.1) HDL Synthesis Report
  6) Advanced HDL Synthesis
     6.1) Advanced HDL Synthesis Report
  7) Low Level Synthesis
  8) Partition Report
  9) Final Report

=========================================================================
*                      Synthesis Options Summary                        *
=========================================================================
---- Source Parameters
Input File Name                    : "BMS.prj"
Input Format                       : mixed
Ignore Synthesis Constraint File   : NO

---- Target Parameters
Output File Name                   : "BMS"
Output Format                      : NGC
Target Device                      : XC9500XL CPLDs

---- Source Options
Top Module Name                    : BMS
Automatic FSM Extraction           : YES
FSM Encoding Algorithm             : Auto
Safe Implementation                : No
Mux Extraction                     : Yes
Resource Sharing                   : YES

---- Target Options
Add IO Buffers                     : YES
MACRO Preserve                     : YES
XOR Preserve                       : YES
Equivalent register Removal        : YES

---- General Options
Optimization Goal                  : Speed
Optimization Effort                : 1
Keep Hierarchy                     : Yes
Netlist Hierarchy                  : As_Optimized
RTL Output                         : Yes
Hierarchy Separator                : /
Bus Delimiter                      : <>
Case Specifier                     : Maintain
Verilog 2001                       : YES

---- Other Options
Clock Enable                       : YES
wysiwyg                            : NO

=========================================================================


=========================================================================
*                          HDL Compilation                              *
=========================================================================
Compiling vhdl file "/home/devaud/Bureau/BMS_5ESPE/BMS.vhd" in Library work.
Entity <bms> compiled.
Entity <bms> (Architecture <statemachine>) compiled.

=========================================================================
*                     Design Hierarchy Analysis                         *
=========================================================================
Analyzing hierarchy for entity <BMS> in library <work> (architecture <statemachine>).


=========================================================================
*                            HDL Analysis                               *
=========================================================================
Analyzing Entity <BMS> in library <work> (Architecture <statemachine>).
    Set property "ENUM_ENCODING = 000 001 010 100 101" for signal <command>.
Entity <BMS> analyzed. Unit <BMS> generated.


=========================================================================
*                           HDL Synthesis                               *
=========================================================================

Performing bidirectional port resolution...

Synthesizing Unit <BMS>.
    Related source file is "/home/devaud/Bureau/BMS_5ESPE/BMS.vhd".
    Found finite state machine <FSM_0> for signal <compteur>.
    -----------------------------------------------------------------------
    | States             | 5                                              |
    | Transitions        | 25                                             |
    | Inputs             | 5                                              |
    | Outputs            | 4                                              |
    | Clock              | CLK_ter                   (rising_edge)        |
    | Reset              | newcommand                (positive)           |
    | Reset type         | synchronous                                    |
    | Reset State        | 000                                            |
    | Power Up State     | 000                                            |
    | Encoding           | automatic                                      |
    | Implementation     | automatic                                      |
    -----------------------------------------------------------------------
    Found finite state machine <FSM_1> for signal <command>.
    -----------------------------------------------------------------------
    | States             | 5                                              |
    | Transitions        | 10                                             |
    | Inputs             | 4                                              |
    | Outputs            | 5                                              |
    | Clock              | CLK_bis                   (rising_edge)        |
    | Reset              | RESET                     (positive)           |
    | Reset type         | synchronous                                    |
    | Reset State        | ouvert                                         |
    | Power Up State     | ouvert                                         |
    | Encoding           | automatic                                      |
    | Implementation     | automatic                                      |
    -----------------------------------------------------------------------
    Found 1-bit register for signal <K1>.
    Found 1-bit register for signal <K2>.
    Found 1-bit register for signal <K3>.
    Found 1-bit register for signal <K4>.
    Found 1-bit register for signal <K5>.
    Found 1-bit register for signal <ACK>.
    Found 1-bit register for signal <busy>.
    Found 1-bit register for signal <CLK_bis>.
    Found 1-bit register for signal <CLK_ter>.
    Found 1-bit register for signal <newcommand>.
    Found 16-bit up counter for signal <Qdiv>.
    Found 2-bit up counter for signal <Qdiv2>.
    Summary:
	inferred   2 Finite State Machine(s).
	inferred   2 Counter(s).
	inferred   5 D-type flip-flop(s).
Unit <BMS> synthesized.


=========================================================================
HDL Synthesis Report

Macro Statistics
# Counters                                             : 2
 16-bit up counter                                     : 1
 2-bit up counter                                      : 1
# Registers                                            : 10
 1-bit register                                        : 10

=========================================================================

=========================================================================
*                       Advanced HDL Synthesis                          *
=========================================================================

Analyzing FSM <FSM_1> for best encoding.
Optimizing FSM <command/FSM> on signal <command[1:3]> with sequential encoding.
----------------------
 State    | Encoding
----------------------
 ouvert   | 000
 parallel | 001
 series   | 010
 batt1    | 011
 batt2    | 100
----------------------
Analyzing FSM <FSM_0> for best encoding.
Optimizing FSM <compteur/FSM> on signal <compteur[1:5]> with one-hot encoding.
-------------------
 State | Encoding
-------------------
 000   | 00001
 001   | 00010
 010   | 00100
 011   | 01000
 111   | 10000
-------------------

=========================================================================
Advanced HDL Synthesis Report

Macro Statistics
# FSMs                                                 : 2
# Counters                                             : 2
 16-bit up counter                                     : 1
 2-bit up counter                                      : 1
# Registers                                            : 5
 Flip-Flops                                            : 5

=========================================================================

=========================================================================
*                         Low Level Synthesis                           *
=========================================================================

Optimizing unit <BMS> ...
  implementation constraint: INIT=r	 : K3
  implementation constraint: INIT=r	 : compteur_FSM_FFd2
  implementation constraint: INIT=r	 : K4
  implementation constraint: INIT=r	 : K5
  implementation constraint: INIT=r	 : command_FSM_FFd1
  implementation constraint: INIT=r	 : compteur_FSM_FFd3
  implementation constraint: INIT=s	 : compteur_FSM_FFd5
  implementation constraint: INIT=r	 : ACK
  implementation constraint: INIT=r	 : CLK_ter
  implementation constraint: INIT=r	 : newcommand
  implementation constraint: INIT=r	 : compteur_FSM_FFd4
  implementation constraint: INIT=r	 : busy
  implementation constraint: INIT=r	 : CLK_bis
  implementation constraint: INIT=r	 : Qdiv2_1
  implementation constraint: INIT=r	 : command_FSM_FFd3
  implementation constraint: INIT=r	 : Qdiv2_0
  implementation constraint: INIT=r	 : Qdiv_15
  implementation constraint: INIT=r	 : command_FSM_FFd2
  implementation constraint: INIT=r	 : Qdiv_0
  implementation constraint: INIT=r	 : Qdiv_1
  implementation constraint: INIT=r	 : Qdiv_2
  implementation constraint: INIT=r	 : Qdiv_3
  implementation constraint: INIT=r	 : Qdiv_4
  implementation constraint: INIT=r	 : Qdiv_5
  implementation constraint: INIT=r	 : Qdiv_6
  implementation constraint: INIT=r	 : Qdiv_7
  implementation constraint: INIT=r	 : Qdiv_8
  implementation constraint: INIT=r	 : Qdiv_9
  implementation constraint: INIT=r	 : Qdiv_10
  implementation constraint: INIT=r	 : Qdiv_11
  implementation constraint: INIT=r	 : Qdiv_12
  implementation constraint: INIT=r	 : Qdiv_13
  implementation constraint: INIT=r	 : Qdiv_14
  implementation constraint: INIT=r	 : K1
  implementation constraint: INIT=r	 : K2

=========================================================================
*                           Partition Report                            *
=========================================================================

Partition Implementation Status
-------------------------------

  No Partitions were found in this design.

-------------------------------

=========================================================================
*                            Final Report                               *
=========================================================================
Final Results
RTL Top Level Output File Name     : BMS.ngr
Top Level Output File Name         : BMS
Output Format                      : NGC
Optimization Goal                  : Speed
Keep Hierarchy                     : Yes
Target Technology                  : XC9500XL CPLDs
Macro Preserve                     : YES
XOR Preserve                       : YES
Clock Enable                       : YES
wysiwyg                            : NO

Design Statistics
# IOs                              : 11

Cell Usage :
# BELS                             : 206
#      AND2                        : 65
#      AND3                        : 7
#      AND4                        : 3
#      AND5                        : 2
#      AND8                        : 1
#      GND                         : 1
#      INV                         : 75
#      OR2                         : 32
#      OR3                         : 3
#      OR4                         : 1
#      XOR2                        : 16
# FlipFlops/Latches                : 35
#      FD                          : 29
#      FDCE                        : 6
# IO Buffers                       : 11
#      IBUF                        : 5
#      OBUF                        : 6
=========================================================================


Total REAL time to Xst completion: 2.00 secs
Total CPU time to Xst completion: 2.27 secs
 
--> 


Total memory usage is 527832 kilobytes

Number of errors   :    0 (   0 filtered)
Number of warnings :    0 (   0 filtered)
Number of infos    :    0 (   0 filtered)

