V3 4
FL /home/devaud/Bureau/BMS_5ESPE/BMS.vhd 2021/01/20.15:39:12 O.87xd
EN work/BMS 1611153554 FL /home/devaud/Bureau/BMS_5ESPE/BMS.vhd \
      PB ieee/std_logic_1164 1325952872 PB ieee/STD_LOGIC_UNSIGNED 1325952875 \
      PB ieee/NUMERIC_STD 1325952877 LB UNISIM PH unisim/VCOMPONENTS 1325952880
AR work/BMS/StateMachine 1611153555 \
      FL /home/devaud/Bureau/BMS_5ESPE/BMS.vhd EN work/BMS 1611153554
